******************************************************************************
                  TI ARM Linker Unix v18.12.4                  
******************************************************************************
>> Linked Thu Mar  5 01:22:21 2020

OUTPUT FILE NAME:   <adc14_single_conversion_repeat_timera_source_MSP_EXP432P401R_nortos_ccs.out>
ENTRY POINT SYMBOL: "_c_int00_noargs"  address: 00000599


MEMORY CONFIGURATION

         name            origin    length      used     unused   attr    fill
----------------------  --------  ---------  --------  --------  ----  --------
  MAIN                  00000000   00040000  000006e0  0003f920  R  X
  INFO                  00200000   00004000  00000000  00004000  R  X
  SRAM_CODE             01000000   00010000  000005fd  0000fa03  RW X
  SRAM_DATA             20000000   00010000  000005fd  0000fa03  RW  


SEGMENT ALLOCATION MAP

run origin  load origin   length   init length attrs members
----------  ----------- ---------- ----------- ----- -------
00000000    00000000    000006e4   000006e4    r-x
  00000000    00000000    000000e4   000000e4    r-- .intvecs
  000000e4    000000e4    00000540   00000540    r-x .text
  00000624    00000624    000000a8   000000a8    r-- .const
  000006d0    000006d0    00000014   00000014    r-- .cinit
20000000    20000000    000003fd   00000000    rw-
  20000000    20000000    000003fd   00000000    rw- .bss
2000fe00    2000fe00    00000200   00000000    rw-
  2000fe00    2000fe00    00000200   00000000    rw- .stack


SECTION ALLOCATION MAP

 output                                  attributes/
section   page    origin      length       input sections
--------  ----  ----------  ----------   ----------------
.intvecs   0    00000000    000000e4     
                  00000000    000000e4     startup_msp432p401r_ccs.obj (.intvecs:retain)

.text      0    000000e4    00000540     
                  000000e4    00000160     msp432p4xx_driverlib.lib : adc14.o (.text:_getIndexForMemRegister)
                  00000244    0000010c     adc14_single_conversion_repeat_timera_source.obj (.text:main)
                  00000350    000000b4     msp432p4xx_driverlib.lib : adc14.o (.text:ADC14_configureConversionMemory)
                  00000404    0000007a     rtsv7M4_T_le_v4SPD16_eabi.lib : memset_t2.asm.obj (.text)
                  0000047e    00000002     startup_msp432p401r_ccs.obj (.text:Default_Handler)
                  00000480    00000078     system_msp432p401r.obj (.text:SystemInit)
                  000004f8    0000005c     adc14_single_conversion_repeat_timera_source.obj (.text:ADC14_IRQHandler)
                  00000554    00000044     rtsv7M4_T_le_v4SPD16_eabi.lib : autoinit.c.obj (.text:__TI_auto_init_nobinit_nopinit:__TI_auto_init_nobinit_nopinit)
                  00000598    00000034                                   : boot_cortex_m.c.obj (.text:_c_int00_noargs:_c_int00_noargs)
                  000005cc    00000028     msp432p4xx_driverlib.lib : adc14.o (.text:ADC14_getResult)
                  000005f4    00000010                              : adc14.o (.text:ADCIsConversionRunning)
                  00000604    0000000c     startup_msp432p401r_ccs.obj (.text:Reset_Handler)
                  00000610    0000000c     rtsv7M4_T_le_v4SPD16_eabi.lib : copy_zero_init.c.obj (.text:decompress:ZI:__TI_zero_init)
                  0000061c    00000004                                   : pre_init.c.obj (.text:_system_pre_init)
                  00000620    00000004                                   : exit.c.obj (.text:abort:abort)

.const     0    00000624    000000a8     
                  00000624    00000080     msp432p4xx_driverlib.lib : adc14.o (.const:_ctlRegs)
                  000006a4    00000018     adc14_single_conversion_repeat_timera_source.obj (.const:upModeConfig)
                  000006bc    00000010     adc14_single_conversion_repeat_timera_source.obj (.const:compareConfig)

.cinit     0    000006d0    00000014     
                  000006d0    00000008     (.cinit..bss.load) [load image, compression = zero_init]
                  000006d8    00000004     (__TI_handler_table)
                  000006dc    00000008     (__TI_cinit_table)

.init_array 
*          0    00000000    00000000     UNINITIALIZED

.binit     0    00000000    00000000     

.bss       0    20000000    000003fd     UNINITIALIZED
                  20000000    000003fc     adc14_single_conversion_repeat_timera_source.obj (.bss:resultsBuffer)
                  200003fc    00000001     adc14_single_conversion_repeat_timera_source.obj (.bss)

.stack     0    2000fe00    00000200     UNINITIALIZED
                  2000fe00    00000004     rtsv7M4_T_le_v4SPD16_eabi.lib : boot_cortex_m.c.obj (.stack)
                  2000fe04    000001fc     --HOLE--

MODULE SUMMARY

       Module                                             code   ro data   rw data
       ------                                             ----   -------   -------
    ./
       adc14_single_conversion_repeat_timera_source.obj   360    40        2042   
       system_msp432p401r.obj                             120    0         0      
    +--+--------------------------------------------------+------+---------+---------+
       Total:                                             480    40        2042   
                                                                                  
    ./ccs/
       startup_msp432p401r_ccs.obj                        14     228       0      
    +--+--------------------------------------------------+------+---------+---------+
       Total:                                             14     228       0      
                                                                                  
    /home/akhil/ti/simplelink_msp432p4_sdk_3_40_01_02/source/ti/devices/msp432p4xx/driverlib/ccs/msp432p4xx_driverlib.lib
       adc14.o                                            588    128       0      
    +--+--------------------------------------------------+------+---------+---------+
       Total:                                             588    128       0      
                                                                                  
    /opt/ti/ccs930/ccs/tools/compiler/ti-cgt-arm_18.12.4.LTS/lib/rtsv7M4_T_le_v4SPD16_eabi.lib
       memset_t2.asm.obj                                  122    0         0      
       autoinit.c.obj                                     68     0         0      
       boot_cortex_m.c.obj                                52     0         0      
       copy_zero_init.c.obj                               12     0         0      
       exit.c.obj                                         4      0         0      
       pre_init.c.obj                                     4      0         0      
    +--+--------------------------------------------------+------+---------+---------+
       Total:                                             262    0         0      
                                                                                  
       Stack:                                             0      0         1024   
       Linker Generated:                                  0      20        0      
    +--+--------------------------------------------------+------+---------+---------+
       Grand Total:                                       1344   416       3066   


LINKER GENERATED COPY TABLES

__TI_cinit_table @ 000006dc records: 1, size/record: 8, table size: 8
	.bss: load addr=000006d0, load size=00000008 bytes, run addr=20000000, run size=000003fd bytes, compression=zero_init


LINKER GENERATED HANDLER TABLE

__TI_handler_table @ 000006d8 records: 1, size/record: 4, table size: 4
	index: 0, handler: __TI_zero_init


GLOBAL SYMBOLS: SORTED ALPHABETICALLY BY Name 

address   name                           
-------   ----                           
000004f9  ADC14_IRQHandler               
000004f9  ADC14_IRQHandler               
00000351  ADC14_configureConversionMemory
000005cd  ADC14_getResult                
0000047f  AES256_IRQHandler              
0000047f  BusFault_Handler               
00000621  C$$EXIT                        
0000047f  COMP_E0_IRQHandler             
0000047f  COMP_E1_IRQHandler             
0000047f  CS_IRQHandler                  
0000047f  DMA_ERR_IRQHandler             
0000047f  DMA_INT0_IRQHandler            
0000047f  DMA_INT1_IRQHandler            
0000047f  DMA_INT2_IRQHandler            
0000047f  DMA_INT3_IRQHandler            
0000047f  DebugMon_Handler               
0000047f  Default_Handler                
0000047f  EUSCIA0_IRQHandler             
0000047f  EUSCIA1_IRQHandler             
0000047f  EUSCIA2_IRQHandler             
0000047f  EUSCIA3_IRQHandler             
0000047f  EUSCIB0_IRQHandler             
0000047f  EUSCIB1_IRQHandler             
0000047f  EUSCIB2_IRQHandler             
0000047f  EUSCIB3_IRQHandler             
0000047f  FLCTL_IRQHandler               
0000047f  FPU_IRQHandler                 
0000047f  HardFault_Handler              
0000047f  MemManage_Handler              
0000047f  NMI_Handler                    
0000047f  PCM_IRQHandler                 
0000047f  PORT1_IRQHandler               
0000047f  PORT2_IRQHandler               
0000047f  PORT3_IRQHandler               
0000047f  PORT4_IRQHandler               
0000047f  PORT5_IRQHandler               
0000047f  PORT6_IRQHandler               
0000047f  PSS_IRQHandler                 
0000047f  PendSV_Handler                 
0000047f  RTC_C_IRQHandler               
00000605  Reset_Handler                  
0000047f  SVC_Handler                    
0000047f  SysTick_Handler                
00000481  SystemInit                     
0000047f  T32_INT1_IRQHandler            
0000047f  T32_INT2_IRQHandler            
0000047f  T32_INTC_IRQHandler            
0000047f  TA0_0_IRQHandler               
0000047f  TA0_N_IRQHandler               
0000047f  TA1_0_IRQHandler               
0000047f  TA1_N_IRQHandler               
0000047f  TA2_0_IRQHandler               
0000047f  TA2_N_IRQHandler               
0000047f  TA3_0_IRQHandler               
0000047f  TA3_N_IRQHandler               
0000047f  UsageFault_Handler             
4000480c  WDTCTL_SYM                     
0000047f  WDT_A_IRQHandler               
20010000  __STACK_END                    
00000200  __STACK_SIZE                   
000006dc  __TI_CINIT_Base                
000006e4  __TI_CINIT_Limit               
000006d8  __TI_Handler_Table_Base        
000006dc  __TI_Handler_Table_Limit       
00000555  __TI_auto_init_nobinit_nopinit 
ffffffff  __TI_pprof_out_hndl            
ffffffff  __TI_prof_data_size            
ffffffff  __TI_prof_data_start           
00000000  __TI_static_base__             
00000611  __TI_zero_init                 
00000405  __aeabi_memclr                 
00000405  __aeabi_memclr4                
00000405  __aeabi_memclr8                
00000407  __aeabi_memset                 
00000407  __aeabi_memset4                
00000407  __aeabi_memset8                
ffffffff  __binit__                      
ffffffff  __c_args__                     
UNDEFED   __mpu_init                     
2000fe00  __stack                        
00000599  _c_int00_noargs                
UNDEFED   _system_post_cinit             
0000061d  _system_pre_init               
00000621  abort                          
ffffffff  binit                          
000006bc  compareConfig                  
00000000  interruptVectors               
00000245  main                           
0000040d  memset                         
000006a4  upModeConfig                   


GLOBAL SYMBOLS: SORTED BY Symbol Address 

address   name                           
-------   ----                           
00000000  __TI_static_base__             
00000000  interruptVectors               
00000200  __STACK_SIZE                   
00000245  main                           
00000351  ADC14_configureConversionMemory
00000405  __aeabi_memclr                 
00000405  __aeabi_memclr4                
00000405  __aeabi_memclr8                
00000407  __aeabi_memset                 
00000407  __aeabi_memset4                
00000407  __aeabi_memset8                
0000040d  memset                         
0000047f  AES256_IRQHandler              
0000047f  BusFault_Handler               
0000047f  COMP_E0_IRQHandler             
0000047f  COMP_E1_IRQHandler             
0000047f  CS_IRQHandler                  
0000047f  DMA_ERR_IRQHandler             
0000047f  DMA_INT0_IRQHandler            
0000047f  DMA_INT1_IRQHandler            
0000047f  DMA_INT2_IRQHandler            
0000047f  DMA_INT3_IRQHandler            
0000047f  DebugMon_Handler               
0000047f  Default_Handler                
0000047f  EUSCIA0_IRQHandler             
0000047f  EUSCIA1_IRQHandler             
0000047f  EUSCIA2_IRQHandler             
0000047f  EUSCIA3_IRQHandler             
0000047f  EUSCIB0_IRQHandler             
0000047f  EUSCIB1_IRQHandler             
0000047f  EUSCIB2_IRQHandler             
0000047f  EUSCIB3_IRQHandler             
0000047f  FLCTL_IRQHandler               
0000047f  FPU_IRQHandler                 
0000047f  HardFault_Handler              
0000047f  MemManage_Handler              
0000047f  NMI_Handler                    
0000047f  PCM_IRQHandler                 
0000047f  PORT1_IRQHandler               
0000047f  PORT2_IRQHandler               
0000047f  PORT3_IRQHandler               
0000047f  PORT4_IRQHandler               
0000047f  PORT5_IRQHandler               
0000047f  PORT6_IRQHandler               
0000047f  PSS_IRQHandler                 
0000047f  PendSV_Handler                 
0000047f  RTC_C_IRQHandler               
0000047f  SVC_Handler                    
0000047f  SysTick_Handler                
0000047f  T32_INT1_IRQHandler            
0000047f  T32_INT2_IRQHandler            
0000047f  T32_INTC_IRQHandler            
0000047f  TA0_0_IRQHandler               
0000047f  TA0_N_IRQHandler               
0000047f  TA1_0_IRQHandler               
0000047f  TA1_N_IRQHandler               
0000047f  TA2_0_IRQHandler               
0000047f  TA2_N_IRQHandler               
0000047f  TA3_0_IRQHandler               
0000047f  TA3_N_IRQHandler               
0000047f  UsageFault_Handler             
0000047f  WDT_A_IRQHandler               
00000481  SystemInit                     
000004f9  ADC14_IRQHandler               
000004f9  ADC14_IRQHandler               
00000555  __TI_auto_init_nobinit_nopinit 
00000599  _c_int00_noargs                
000005cd  ADC14_getResult                
00000605  Reset_Handler                  
00000611  __TI_zero_init                 
0000061d  _system_pre_init               
00000621  C$$EXIT                        
00000621  abort                          
000006a4  upModeConfig                   
000006bc  compareConfig                  
000006d8  __TI_Handler_Table_Base        
000006dc  __TI_CINIT_Base                
000006dc  __TI_Handler_Table_Limit       
000006e4  __TI_CINIT_Limit               
2000fe00  __stack                        
20010000  __STACK_END                    
4000480c  WDTCTL_SYM                     
ffffffff  __TI_pprof_out_hndl            
ffffffff  __TI_prof_data_size            
ffffffff  __TI_prof_data_start           
ffffffff  __binit__                      
ffffffff  __c_args__                     
ffffffff  binit                          
UNDEFED   __mpu_init                     
UNDEFED   _system_post_cinit             

[90 symbols]
